// Jest Snapshot v1, https://goo.gl/fbAQLP

exports[`renders without crashing 1`] = `
<div
  className="Board"
>
  render checkbox and textboxes here
</div>
`;
